exports[`test renders correctly 1`] = `
<View
  style={
    Object {
      "borderBottomWidth": 1,
      "borderColor": "#eaeaea",
      "marginBottom": 8,
      "marginTop": 8,
      "width": "100%",
    }
  }>
  <Text
    accessible={true}
    allowFontScaling={true}
    ellipsizeMode="tail"
    style={
      Object {
        "color": "grey",
        "fontFamily": "Open Sans",
        "letterSpacing": 1,
        "marginBottom": 2,
      }
    }>
    Log In
  </Text>
  <TextInput
    label="Log In"
    onPress={[Function]}
    style={
      Object {
        "fontFamily": "Open Sans",
        "height": 40,
        "paddingLeft": 15,
      }
    }
    type="text" />
</View>
`;
