// Jest Snapshot v1, https://goo.gl/fbAQLP

exports[`renders correctly 1`] = `
<View
  accessibilityComponentType="button"
  accessibilityLabel={undefined}
  accessibilityTraits="button"
  accessible={true}
  collapsable={undefined}
  hitSlop={undefined}
  isTVSelectable={true}
  nativeID={undefined}
  onLayout={undefined}
  onResponderGrant={[Function]}
  onResponderMove={[Function]}
  onResponderRelease={[Function]}
  onResponderTerminate={[Function]}
  onResponderTerminationRequest={[Function]}
  onStartShouldSetResponder={[Function]}
  style={
    Object {
      "borderColor": "#48C948",
      "borderRadius": 4,
      "borderWidth": 1,
      "marginBottom": 5,
      "marginLeft": 5,
      "marginRight": 5,
      "marginTop": 5,
      "opacity": 1,
      "overflow": "hidden",
      "padding": 8,
    }
  }
  testID={undefined}
  tvParallaxProperties={undefined}
>
  <Text
    accessible={true}
    allowFontScaling={true}
    disabled={false}
    ellipsizeMode="tail"
    style={
      Array [
        Object {
          "color": "#007aff",
          "fontSize": 17,
          "fontWeight": "500",
          "textAlign": "center",
        },
        null,
        Array [
          Object {
            "fontFamily": "Open Sans",
            "fontWeight": "500",
          },
          Object {
            "color": "#48C948",
            "fontSize": 20,
          },
        ],
        null,
      ]
    }
  >
    Log In
  </Text>
</View>
`;
