exports[`test renders correctly 1`] = `
<View
  style={
    Object {
      "padding": 13,
    }
  }>
  <RCTScrollView>
    <View>
      <Text
        accessible={true}
        allowFontScaling={true}
        ellipsizeMode="tail"
        style={
          Object {
            "fontSize": 55,
            "fontWeight": "100",
            "letterSpacing": 2,
          }
        }>
        <Name>
      </Text>
      <View
        style={
          Object {
            "marginTop": 20,
          }
        }>
        <View
          style={
            Object {
              "marginBottom": 10,
              "marginTop": 10,
            }
          }>
          <Text
            accessible={true}
            allowFontScaling={true}
            ellipsizeMode="tail"
            style={
              Object {
                "color": "grey",
                "letterSpacing": 1,
                "marginBottom": 5,
              }
            }>
            Name
          </Text>
          <TextInput
            onChangeText={undefined}
            style={
              Object {
                "borderColor": "#eaeaea",
                "borderWidth": 1,
                "height": 45,
                "paddingLeft": 15,
              }
            }
            value={undefined} />
        </View>
        <View
          style={
            Object {
              "marginBottom": 10,
              "marginTop": 10,
            }
          }>
          <Text
            accessible={true}
            allowFontScaling={true}
            ellipsizeMode="tail"
            style={
              Object {
                "color": "grey",
                "letterSpacing": 1,
                "marginBottom": 5,
              }
            }>
            Party Size
          </Text>
          <TextInput
            onChangeText={undefined}
            style={
              Object {
                "borderColor": "#eaeaea",
                "borderWidth": 1,
                "height": 45,
                "paddingLeft": 15,
              }
            }
            value={undefined} />
        </View>
        <View
          style={
            Object {
              "marginBottom": 10,
              "marginTop": 10,
            }
          }>
          <Text
            accessible={true}
            allowFontScaling={true}
            ellipsizeMode="tail"
            style={
              Object {
                "color": "grey",
                "letterSpacing": 1,
                "marginBottom": 5,
              }
            }>
            Phone Number
          </Text>
          <TextInput
            onChangeText={undefined}
            style={
              Object {
                "borderColor": "#eaeaea",
                "borderWidth": 1,
                "height": 45,
                "paddingLeft": 15,
              }
            }
            value={undefined} />
        </View>
        <View
          style={
            Object {
              "marginBottom": 10,
              "marginTop": 10,
            }
          }>
          <Text
            accessible={true}
            allowFontScaling={true}
            ellipsizeMode="tail"
            style={
              Object {
                "color": "grey",
                "letterSpacing": 1,
                "marginBottom": 5,
              }
            }>
            Notes
          </Text>
          <TextInput
            multiline={true}
            numberOfLines={4}
            onChangeText={undefined}
            style={
              Object {
                "borderColor": "#eaeaea",
                "borderWidth": 1,
                "fontSize": 17,
                "height": 140,
                "paddingLeft": 15,
                "paddingTop": 7,
              }
            }
            value={undefined} />
        </View>
      </View>
      <View
        style={
          Object {
            "marginTop": 20,
          }
        }>
        <View
          style={
            Object {
              "flex": 1,
              "flexDirection": "column",
            }
          }>
          <View
            style={
              Object {
                "flex": 1,
                "flexDirection": "row",
              }
            }>
            <View
              style={
                Object {
                  "flex": 1,
                  "flexDirection": "column",
                  "marginBottom": 8,
                }
              }>
              <View
                accessibilityComponentType={undefined}
                accessibilityLabel={undefined}
                accessibilityTraits={undefined}
                accessible={true}
                hasTVPreferredFocus={undefined}
                hitSlop={undefined}
                isTVSelectable={true}
                onLayout={undefined}
                onResponderGrant={[Function]}
                onResponderMove={[Function]}
                onResponderRelease={[Function]}
                onResponderTerminate={[Function]}
                onResponderTerminationRequest={[Function]}
                onStartShouldSetResponder={[Function]}
                style={
                  Array [
                    Object {
                      "backgroundColor": "transparent",
                    },
                    Object {
                      "backgroundColor": "#8FD6D6",
                    },
                  ]
                }
                testID={undefined}
                tvParallaxProperties={undefined}>
                <Text
                  accessible={true}
                  allowFontScaling={true}
                  ellipsizeMode="tail"
                  style={
                    Object {
                      "color": "white",
                      "fontSize": 20,
                      "letterSpacing": 1,
                      "padding": 15,
                      "textAlign": "center",
                    }
                  }>
                  Text
                </Text>
              </View>
            </View>
          </View>
          <View
            style={
              Object {
                "flex": 1,
                "flexDirection": "row",
              }
            }>
            <View
              style={
                Object {
                  "flex": 1,
                  "flexDirection": "column",
                  "marginRight": 8,
                  "marginTop": 8,
                }
              }>
              <View
                accessibilityComponentType={undefined}
                accessibilityLabel={undefined}
                accessibilityTraits={undefined}
                accessible={true}
                hasTVPreferredFocus={undefined}
                hitSlop={undefined}
                isTVSelectable={true}
                onLayout={undefined}
                onResponderGrant={[Function]}
                onResponderMove={[Function]}
                onResponderRelease={[Function]}
                onResponderTerminate={[Function]}
                onResponderTerminationRequest={[Function]}
                onStartShouldSetResponder={[Function]}
                style={
                  Array [
                    Object {
                      "backgroundColor": "transparent",
                    },
                    Object {
                      "backgroundColor": "#6CDA6C",
                    },
                  ]
                }
                testID={undefined}
                tvParallaxProperties={undefined}>
                <Text
                  accessible={true}
                  allowFontScaling={true}
                  ellipsizeMode="tail"
                  style={
                    Object {
                      "color": "white",
                      "fontSize": 20,
                      "letterSpacing": 1,
                      "padding": 15,
                      "textAlign": "center",
                    }
                  }>
                  Seat
                </Text>
              </View>
            </View>
            <View
              style={
                Object {
                  "flex": 1,
                  "flexDirection": "column",
                  "marginLeft": 8,
                  "marginTop": 8,
                }
              }>
              <View
                accessibilityComponentType={undefined}
                accessibilityLabel={undefined}
                accessibilityTraits={undefined}
                accessible={true}
                hasTVPreferredFocus={undefined}
                hitSlop={undefined}
                isTVSelectable={true}
                onLayout={undefined}
                onResponderGrant={[Function]}
                onResponderMove={[Function]}
                onResponderRelease={[Function]}
                onResponderTerminate={[Function]}
                onResponderTerminationRequest={[Function]}
                onStartShouldSetResponder={[Function]}
                style={
                  Array [
                    Object {
                      "backgroundColor": "transparent",
                    },
                    Object {
                      "backgroundColor": "#FB5A5A",
                    },
                  ]
                }
                testID={undefined}
                tvParallaxProperties={undefined}>
                <Text
                  accessible={true}
                  allowFontScaling={true}
                  ellipsizeMode="tail"
                  style={
                    Object {
                      "color": "white",
                      "fontSize": 20,
                      "letterSpacing": 1,
                      "padding": 15,
                      "textAlign": "center",
                    }
                  }>
                  Remove
                </Text>
              </View>
            </View>
          </View>
        </View>
      </View>
    </View>
  </RCTScrollView>
</View>
`;
